// Jest Snapshot v1, https://goo.gl/fbAQLP

exports[`snapshot 1`] = `
<div
  className="details"
>
  <h1 />
  <img
    alt=""
    className="spinner"
    height="200px"
    width="200px"
  />
  <img
    alt=""
    className="spinner"
    height="200px"
    width="200px"
  />
  <button
    onClick={[Function]}
  >
    More Details
  </button>
  <div
    className="description"
    dangerouslySetInnerHTML={
      Object {
        "__html": "",
      }
    }
  />
</div>
`;
